******************************************************************************
                  TI ARM Linker PC v20.2.7                     
******************************************************************************
>> Linked Sat Apr 20 19:31:37 2024

OUTPUT FILE NAME:   <AUTOSAR_Project.out>
ENTRY POINT SYMBOL: "_c_int00_noargs"  address: 00001259


MEMORY CONFIGURATION

         name            origin    length      used     unused   attr    fill
----------------------  --------  ---------  --------  --------  ----  --------
  FLASH                 00000000   00040000  0000146e  0003eb92  R  X
  SRAM                  20000000   00008000  00000218  00007de8  RW X


SEGMENT ALLOCATION MAP

run origin  load origin   length   init length attrs members
----------  ----------- ---------- ----------- ----- -------
00000000    00000000    00001474   00001474    r-x
  00000000    00000000    0000026c   0000026c    r-- .intvecs
  0000026c    0000026c    00001082   00001082    r-x .text
  000012ee    000012ee    0000015c   0000015c    r-- .const
  00001450    00001450    00000024   00000024    r-- .cinit
20000000    20000000    00000218   00000000    rw-
  20000000    20000000    00000200   00000000    rw- .stack
  20000200    20000200    00000018   00000000    rw- .data


SECTION ALLOCATION MAP

 output                                  attributes/
section   page    origin      length       input sections
--------  ----  ----------  ----------   ----------------
.intvecs   0    00000000    0000026c     
                  00000000    0000026c     tm4c123gh6pm_startup_ccs.obj (.intvecs)

.text      0    0000026c    00001082     
                  0000026c    0000095c     Port.obj (.text)
                  00000bc8    0000030c     Dio.obj (.text)
                  00000ed4    000000a8     Os.obj (.text)
                  00000f7c    0000009c     rtsv7M4_T_le_v4SPD16_eabi.lib : memcpy_t2.asm.obj (.text)
                  00001018    0000007c     Button.obj (.text)
                  00001094    0000007c     Gpt.obj (.text)
                  00001110    00000068     rtsv7M4_T_le_v4SPD16_eabi.lib : copy_decompress_lzss.c.obj (.text:decompress:lzss:__TI_decompress_lzss)
                  00001178    0000005c     App.obj (.text)
                  000011d4    00000044     rtsv7M4_T_le_v4SPD16_eabi.lib : autoinit.c.obj (.text:__TI_auto_init_nobinit_nopinit:__TI_auto_init_nobinit_nopinit)
                  00001218    0000003e     Led.obj (.text)
                  00001256    00000002     --HOLE-- [fill = 0]
                  00001258    00000034     rtsv7M4_T_le_v4SPD16_eabi.lib : boot_cortex_m.c.obj (.text:_c_int00_noargs:_c_int00_noargs)
                  0000128c    00000020     Mcu.obj (.text)
                  000012ac    00000016     Det.obj (.text)
                  000012c2    0000000e     rtsv7M4_T_le_v4SPD16_eabi.lib : copy_decompress_none.c.obj (.text:decompress:none:__TI_decompress_none)
                  000012d0    0000000c     tm4c123gh6pm_startup_ccs.obj (.text)
                  000012dc    0000000a     main.obj (.text)
                  000012e6    00000004     rtsv7M4_T_le_v4SPD16_eabi.lib : pre_init.c.obj (.text:_system_pre_init)
                  000012ea    00000004                                   : exit.c.obj (.text:abort:abort)

.const     0    000012ee    0000015c     
                  000012ee    00000158     Port_PBCFG.obj (.const:Port_Configuration)
                  00001446    00000004     Dio_PBcfg.obj (.const:Dio_Configuration)

.cinit     0    00001450    00000024     
                  00001450    00000011     (.cinit..data.load) [load image, compression = lzss]
                  00001461    00000003     --HOLE-- [fill = 0]
                  00001464    00000008     (__TI_handler_table)
                  0000146c    00000008     (__TI_cinit_table)

.init_array 
*          0    00000000    00000000     UNINITIALIZED

.data      0    20000200    00000018     UNINITIALIZED
                  20000200    00000008     Port.obj (.data)
                  20000208    00000005     Dio.obj (.data)
                  2000020d    00000003     Button.obj (.data)
                  20000210    00000004     Gpt.obj (.data)
                  20000214    00000002     App.obj (.data)
                  20000216    00000002     Os.obj (.data)

.stack     0    20000000    00000200     UNINITIALIZED
                  20000000    00000004     rtsv7M4_T_le_v4SPD16_eabi.lib : boot_cortex_m.c.obj (.stack)
                  20000004    000001fc     --HOLE--

__llvm_prf_cnts 
*          0    20000000    00000000     UNINITIALIZED

MODULE SUMMARY

       Module                         code   ro data   rw data
       ------                         ----   -------   -------
    .\
       Port.obj                       2396   0         8      
       Dio.obj                        780    0         5      
       tm4c123gh6pm_startup_ccs.obj   12     620       0      
       Port_PBCFG.obj                 0      344       0      
       Os.obj                         168    0         2      
       Gpt.obj                        124    0         4      
       Button.obj                     124    0         3      
       App.obj                        92     0         2      
       Led.obj                        62     0         0      
       Mcu.obj                        32     0         0      
       Det.obj                        22     0         0      
       main.obj                       10     0         0      
       Dio_PBcfg.obj                  0      4         0      
    +--+------------------------------+------+---------+---------+
       Total:                         3822   968       24     
                                                              
    C:\ti\ccs1260\ccs\tools\compiler\ti-cgt-arm_20.2.7.LTS\lib\rtsv7M4_T_le_v4SPD16_eabi.lib
       memcpy_t2.asm.obj              156    0         0      
       copy_decompress_lzss.c.obj     104    0         0      
       autoinit.c.obj                 68     0         0      
       boot_cortex_m.c.obj            52     0         0      
       copy_decompress_none.c.obj     14     0         0      
       exit.c.obj                     4      0         0      
       pre_init.c.obj                 4      0         0      
    +--+------------------------------+------+---------+---------+
       Total:                         402    0         0      
                                                              
       Stack:                         0      0         512    
       Linker Generated:              0      33        0      
    +--+------------------------------+------+---------+---------+
       Grand Total:                   4224   1001      536    


LINKER GENERATED COPY TABLES

__TI_cinit_table @ 0000146c records: 1, size/record: 8, table size: 8
	.data: load addr=00001450, load size=00000011 bytes, run addr=20000200, run size=00000018 bytes, compression=lzss


LINKER GENERATED HANDLER TABLE

__TI_handler_table @ 00001464 records: 2, size/record: 4, table size: 8
	index: 0, handler: __TI_decompress_lzss
	index: 1, handler: __TI_decompress_none


GLOBAL SYMBOLS: SORTED ALPHABETICALLY BY Name 

address   name                          
-------   ----                          
0000119d  App_Task                      
00001019  Button_GetState               
0000101f  Button_RefreshState           
0000118d  Button_Task                   
000012eb  C$$EXIT                       
000012ad  Det_ReportError               
00001446  Dio_Configuration             
00000da7  Dio_FlipChannel               
00000bc9  Dio_Init                      
00000ccd  Dio_ReadChannel               
00000bed  Dio_WriteChannel              
00001179  Init_Task                     
00001231  Led_RefreshOutput             
00001225  Led_SetOff                    
00001219  Led_SetOn                     
00001195  Led_Task                      
00001249  Led_Toggle                    
0000128d  Mcu_Init                      
00000eef  Os_NewTimerTick               
00000eff  Os_Scheduler                  
00000ed5  Os_start                      
000012ee  Port_Configuration            
00000903  Port_GetVersionInfo           
0000026d  Port_Init                     
000007e3  Port_RefreshPortDirection     
000006d5  Port_SetPinDirection          
0000094b  Port_SetPinMode               
000012d1  ResetISR                      
00001095  SysTick_Handler               
000010ed  SysTick_SetCallBack           
000010a5  SysTick_Start                 
000010e5  SysTick_Stop                  
20000200  __STACK_END                   
00000200  __STACK_SIZE                  
20000200  __STACK_TOP                   
0000146c  __TI_CINIT_Base               
00001474  __TI_CINIT_Limit              
00001464  __TI_Handler_Table_Base       
0000146c  __TI_Handler_Table_Limit      
000011d5  __TI_auto_init_nobinit_nopinit
00001111  __TI_decompress_lzss          
000012c3  __TI_decompress_none          
ffffffff  __TI_pprof_out_hndl           
ffffffff  __TI_prof_data_size           
ffffffff  __TI_prof_data_start          
00000000  __TI_static_base__            
00000f7d  __aeabi_memcpy                
00000f7d  __aeabi_memcpy4               
00000f7d  __aeabi_memcpy8               
ffffffff  __binit__                     
ffffffff  __c_args__                    
UNDEFED   __mpu_init                    
20000000  __stack                       
20000000  __start___llvm_prf_cnts       
20000000  __stop___llvm_prf_cnts        
00001259  _c_int00_noargs               
UNDEFED   _system_post_cinit            
000012e7  _system_pre_init              
000012eb  abort                         
ffffffff  binit                         
00000000  g_pfnVectors                  
000012dd  main                          
00000f7d  memcpy                        


GLOBAL SYMBOLS: SORTED BY Symbol Address 

address   name                          
-------   ----                          
00000000  __TI_static_base__            
00000000  g_pfnVectors                  
00000200  __STACK_SIZE                  
0000026d  Port_Init                     
000006d5  Port_SetPinDirection          
000007e3  Port_RefreshPortDirection     
00000903  Port_GetVersionInfo           
0000094b  Port_SetPinMode               
00000bc9  Dio_Init                      
00000bed  Dio_WriteChannel              
00000ccd  Dio_ReadChannel               
00000da7  Dio_FlipChannel               
00000ed5  Os_start                      
00000eef  Os_NewTimerTick               
00000eff  Os_Scheduler                  
00000f7d  __aeabi_memcpy                
00000f7d  __aeabi_memcpy4               
00000f7d  __aeabi_memcpy8               
00000f7d  memcpy                        
00001019  Button_GetState               
0000101f  Button_RefreshState           
00001095  SysTick_Handler               
000010a5  SysTick_Start                 
000010e5  SysTick_Stop                  
000010ed  SysTick_SetCallBack           
00001111  __TI_decompress_lzss          
00001179  Init_Task                     
0000118d  Button_Task                   
00001195  Led_Task                      
0000119d  App_Task                      
000011d5  __TI_auto_init_nobinit_nopinit
00001219  Led_SetOn                     
00001225  Led_SetOff                    
00001231  Led_RefreshOutput             
00001249  Led_Toggle                    
00001259  _c_int00_noargs               
0000128d  Mcu_Init                      
000012ad  Det_ReportError               
000012c3  __TI_decompress_none          
000012d1  ResetISR                      
000012dd  main                          
000012e7  _system_pre_init              
000012eb  C$$EXIT                       
000012eb  abort                         
000012ee  Port_Configuration            
00001446  Dio_Configuration             
00001464  __TI_Handler_Table_Base       
0000146c  __TI_CINIT_Base               
0000146c  __TI_Handler_Table_Limit      
00001474  __TI_CINIT_Limit              
20000000  __stack                       
20000000  __start___llvm_prf_cnts       
20000000  __stop___llvm_prf_cnts        
20000200  __STACK_END                   
20000200  __STACK_TOP                   
ffffffff  __TI_pprof_out_hndl           
ffffffff  __TI_prof_data_size           
ffffffff  __TI_prof_data_start          
ffffffff  __binit__                     
ffffffff  __c_args__                    
ffffffff  binit                         
UNDEFED   __mpu_init                    
UNDEFED   _system_post_cinit            

[63 symbols]
